running build_ext
building 'drone_core' extension
"C:\Program Files (x86)\Microsoft Visual Studio\18\BuildTools\VC\Tools\MSVC\14.50.35717\bin\HostX86\x64\cl.exe" /c /nologo /O2 /W3 /GL /DNDEBUG /MD -D_USE_MATH_DEFINES -Icpp_core/include -IC:\Users\elche\AppData\Local\Packages\PythonSoftwareFoundation.Python.3.13_qbz5n2kfra8p0\LocalCache\local-packages\Python313\site-packages\pybind11\include "-IC:\Program Files\WindowsApps\PythonSoftwareFoundation.Python.3.13_3.13.2544.0_x64__qbz5n2kfra8p0\include" "-IC:\Program Files\WindowsApps\PythonSoftwareFoundation.Python.3.13_3.13.2544.0_x64__qbz5n2kfra8p0\Include" "-IC:\Program Files (x86)\Microsoft Visual Studio\18\BuildTools\VC\Tools\MSVC\14.50.35717\include" "-IC:\Program Files (x86)\Microsoft Visual Studio\18\BuildTools\VC\Auxiliary\VS\include" "-IC:\Program Files (x86)\Windows Kits\10\include\10.0.26100.0\ucrt" "-IC:\Program Files (x86)\Windows Kits\10\\include\10.0.26100.0\\um" "-IC:\Program Files (x86)\Windows Kits\10\\include\10.0.26100.0\\shared" "-IC:\Program Files (x86)\Windows Kits\10\\include\10.0.26100.0\\winrt" "-IC:\Program Files (x86)\Windows Kits\10\\include\10.0.26100.0\\cppwinrt" "-IC:\Program Files (x86)\Windows Kits\NETFXSDK\4.8\include\um" /EHsc /Tpcpp_core/src/ActuatorFailure.cpp /Fobuild\temp.win-amd64-cpython-313\Release\cpp_core\src\ActuatorFailure.obj /std:c++latest /EHsc /bigobj /O2
ActuatorFailure.cpp
"C:\Program Files (x86)\Microsoft Visual Studio\18\BuildTools\VC\Tools\MSVC\14.50.35717\bin\HostX86\x64\cl.exe" /c /nologo /O2 /W3 /GL /DNDEBUG /MD -D_USE_MATH_DEFINES -Icpp_core/include -IC:\Users\elche\AppData\Local\Packages\PythonSoftwareFoundation.Python.3.13_qbz5n2kfra8p0\LocalCache\local-packages\Python313\site-packages\pybind11\include "-IC:\Program Files\WindowsApps\PythonSoftwareFoundation.Python.3.13_3.13.2544.0_x64__qbz5n2kfra8p0\include" "-IC:\Program Files\WindowsApps\PythonSoftwareFoundation.Python.3.13_3.13.2544.0_x64__qbz5n2kfra8p0\Include" "-IC:\Program Files (x86)\Microsoft Visual Studio\18\BuildTools\VC\Tools\MSVC\14.50.35717\include" "-IC:\Program Files (x86)\Microsoft Visual Studio\18\BuildTools\VC\Auxiliary\VS\include" "-IC:\Program Files (x86)\Windows Kits\10\include\10.0.26100.0\ucrt" "-IC:\Program Files (x86)\Windows Kits\10\\include\10.0.26100.0\\um" "-IC:\Program Files (x86)\Windows Kits\10\\include\10.0.26100.0\\shared" "-IC:\Program Files (x86)\Windows Kits\10\\include\10.0.26100.0\\winrt" "-IC:\Program Files (x86)\Windows Kits\10\\include\10.0.26100.0\\cppwinrt" "-IC:\Program Files (x86)\Windows Kits\NETFXSDK\4.8\include\um" /EHsc /Tpcpp_core/src/CollisionWorld.cpp /Fobuild\temp.win-amd64-cpython-313\Release\cpp_core\src\CollisionWorld.obj /std:c++latest /EHsc /bigobj /O2
CollisionWorld.cpp
"C:\Program Files (x86)\Microsoft Visual Studio\18\BuildTools\VC\Tools\MSVC\14.50.35717\bin\HostX86\x64\cl.exe" /c /nologo /O2 /W3 /GL /DNDEBUG /MD -D_USE_MATH_DEFINES -Icpp_core/include -IC:\Users\elche\AppData\Local\Packages\PythonSoftwareFoundation.Python.3.13_qbz5n2kfra8p0\LocalCache\local-packages\Python313\site-packages\pybind11\include "-IC:\Program Files\WindowsApps\PythonSoftwareFoundation.Python.3.13_3.13.2544.0_x64__qbz5n2kfra8p0\include" "-IC:\Program Files\WindowsApps\PythonSoftwareFoundation.Python.3.13_3.13.2544.0_x64__qbz5n2kfra8p0\Include" "-IC:\Program Files (x86)\Microsoft Visual Studio\18\BuildTools\VC\Tools\MSVC\14.50.35717\include" "-IC:\Program Files (x86)\Microsoft Visual Studio\18\BuildTools\VC\Auxiliary\VS\include" "-IC:\Program Files (x86)\Windows Kits\10\include\10.0.26100.0\ucrt" "-IC:\Program Files (x86)\Windows Kits\10\\include\10.0.26100.0\\um" "-IC:\Program Files (x86)\Windows Kits\10\\include\10.0.26100.0\\shared" "-IC:\Program Files (x86)\Windows Kits\10\\include\10.0.26100.0\\winrt" "-IC:\Program Files (x86)\Windows Kits\10\\include\10.0.26100.0\\cppwinrt" "-IC:\Program Files (x86)\Windows Kits\NETFXSDK\4.8\include\um" /EHsc /Tpcpp_core/src/PayloadDynamics.cpp /Fobuild\temp.win-amd64-cpython-313\Release\cpp_core\src\PayloadDynamics.obj /std:c++latest /EHsc /bigobj /O2
PayloadDynamics.cpp
"C:\Program Files (x86)\Microsoft Visual Studio\18\BuildTools\VC\Tools\MSVC\14.50.35717\bin\HostX86\x64\cl.exe" /c /nologo /O2 /W3 /GL /DNDEBUG /MD -D_USE_MATH_DEFINES -Icpp_core/include -IC:\Users\elche\AppData\Local\Packages\PythonSoftwareFoundation.Python.3.13_qbz5n2kfra8p0\LocalCache\local-packages\Python313\site-packages\pybind11\include "-IC:\Program Files\WindowsApps\PythonSoftwareFoundation.Python.3.13_3.13.2544.0_x64__qbz5n2kfra8p0\include" "-IC:\Program Files\WindowsApps\PythonSoftwareFoundation.Python.3.13_3.13.2544.0_x64__qbz5n2kfra8p0\Include" "-IC:\Program Files (x86)\Microsoft Visual Studio\18\BuildTools\VC\Tools\MSVC\14.50.35717\include" "-IC:\Program Files (x86)\Microsoft Visual Studio\18\BuildTools\VC\Auxiliary\VS\include" "-IC:\Program Files (x86)\Windows Kits\10\include\10.0.26100.0\ucrt" "-IC:\Program Files (x86)\Windows Kits\10\\include\10.0.26100.0\\um" "-IC:\Program Files (x86)\Windows Kits\10\\include\10.0.26100.0\\shared" "-IC:\Program Files (x86)\Windows Kits\10\\include\10.0.26100.0\\winrt" "-IC:\Program Files (x86)\Windows Kits\10\\include\10.0.26100.0\\cppwinrt" "-IC:\Program Files (x86)\Windows Kits\NETFXSDK\4.8\include\um" /EHsc /Tpcpp_core/src/PhysicsEngine.cpp /Fobuild\temp.win-amd64-cpython-313\Release\cpp_core\src\PhysicsEngine.obj /std:c++latest /EHsc /bigobj /O2
PhysicsEngine.cpp
"C:\Program Files (x86)\Microsoft Visual Studio\18\BuildTools\VC\Tools\MSVC\14.50.35717\bin\HostX86\x64\cl.exe" /c /nologo /O2 /W3 /GL /DNDEBUG /MD -D_USE_MATH_DEFINES -Icpp_core/include -IC:\Users\elche\AppData\Local\Packages\PythonSoftwareFoundation.Python.3.13_qbz5n2kfra8p0\LocalCache\local-packages\Python313\site-packages\pybind11\include "-IC:\Program Files\WindowsApps\PythonSoftwareFoundation.Python.3.13_3.13.2544.0_x64__qbz5n2kfra8p0\include" "-IC:\Program Files\WindowsApps\PythonSoftwareFoundation.Python.3.13_3.13.2544.0_x64__qbz5n2kfra8p0\Include" "-IC:\Program Files (x86)\Microsoft Visual Studio\18\BuildTools\VC\Tools\MSVC\14.50.35717\include" "-IC:\Program Files (x86)\Microsoft Visual Studio\18\BuildTools\VC\Auxiliary\VS\include" "-IC:\Program Files (x86)\Windows Kits\10\include\10.0.26100.0\ucrt" "-IC:\Program Files (x86)\Windows Kits\10\\include\10.0.26100.0\\um" "-IC:\Program Files (x86)\Windows Kits\10\\include\10.0.26100.0\\shared" "-IC:\Program Files (x86)\Windows Kits\10\\include\10.0.26100.0\\winrt" "-IC:\Program Files (x86)\Windows Kits\10\\include\10.0.26100.0\\cppwinrt" "-IC:\Program Files (x86)\Windows Kits\NETFXSDK\4.8\include\um" /EHsc /Tpcpp_core/src/Quadrotor.cpp /Fobuild\temp.win-amd64-cpython-313\Release\cpp_core\src\Quadrotor.obj /std:c++latest /EHsc /bigobj /O2
Quadrotor.cpp
"C:\Program Files (x86)\Microsoft Visual Studio\18\BuildTools\VC\Tools\MSVC\14.50.35717\bin\HostX86\x64\cl.exe" /c /nologo /O2 /W3 /GL /DNDEBUG /MD -D_USE_MATH_DEFINES -Icpp_core/include -IC:\Users\elche\AppData\Local\Packages\PythonSoftwareFoundation.Python.3.13_qbz5n2kfra8p0\LocalCache\local-packages\Python313\site-packages\pybind11\include "-IC:\Program Files\WindowsApps\PythonSoftwareFoundation.Python.3.13_3.13.2544.0_x64__qbz5n2kfra8p0\include" "-IC:\Program Files\WindowsApps\PythonSoftwareFoundation.Python.3.13_3.13.2544.0_x64__qbz5n2kfra8p0\Include" "-IC:\Program Files (x86)\Microsoft Visual Studio\18\BuildTools\VC\Tools\MSVC\14.50.35717\include" "-IC:\Program Files (x86)\Microsoft Visual Studio\18\BuildTools\VC\Auxiliary\VS\include" "-IC:\Program Files (x86)\Windows Kits\10\include\10.0.26100.0\ucrt" "-IC:\Program Files (x86)\Windows Kits\10\\include\10.0.26100.0\\um" "-IC:\Program Files (x86)\Windows Kits\10\\include\10.0.26100.0\\shared" "-IC:\Program Files (x86)\Windows Kits\10\\include\10.0.26100.0\\winrt" "-IC:\Program Files (x86)\Windows Kits\10\\include\10.0.26100.0\\cppwinrt" "-IC:\Program Files (x86)\Windows Kits\NETFXSDK\4.8\include\um" /EHsc /Tpcpp_core/src/SOTAActuator.cpp /Fobuild\temp.win-amd64-cpython-313\Release\cpp_core\src\SOTAActuator.obj /std:c++latest /EHsc /bigobj /O2
SOTAActuator.cpp
"C:\Program Files (x86)\Microsoft Visual Studio\18\BuildTools\VC\Tools\MSVC\14.50.35717\bin\HostX86\x64\cl.exe" /c /nologo /O2 /W3 /GL /DNDEBUG /MD -D_USE_MATH_DEFINES -Icpp_core/include -IC:\Users\elche\AppData\Local\Packages\PythonSoftwareFoundation.Python.3.13_qbz5n2kfra8p0\LocalCache\local-packages\Python313\site-packages\pybind11\include "-IC:\Program Files\WindowsApps\PythonSoftwareFoundation.Python.3.13_3.13.2544.0_x64__qbz5n2kfra8p0\include" "-IC:\Program Files\WindowsApps\PythonSoftwareFoundation.Python.3.13_3.13.2544.0_x64__qbz5n2kfra8p0\Include" "-IC:\Program Files (x86)\Microsoft Visual Studio\18\BuildTools\VC\Tools\MSVC\14.50.35717\include" "-IC:\Program Files (x86)\Microsoft Visual Studio\18\BuildTools\VC\Auxiliary\VS\include" "-IC:\Program Files (x86)\Windows Kits\10\include\10.0.26100.0\ucrt" "-IC:\Program Files (x86)\Windows Kits\10\\include\10.0.26100.0\\um" "-IC:\Program Files (x86)\Windows Kits\10\\include\10.0.26100.0\\shared" "-IC:\Program Files (x86)\Windows Kits\10\\include\10.0.26100.0\\winrt" "-IC:\Program Files (x86)\Windows Kits\10\\include\10.0.26100.0\\cppwinrt" "-IC:\Program Files (x86)\Windows Kits\NETFXSDK\4.8\include\um" /EHsc /Tpcpp_core/src/StateEstimator.cpp /Fobuild\temp.win-amd64-cpython-313\Release\cpp_core\src\StateEstimator.obj /std:c++latest /EHsc /bigobj /O2
StateEstimator.cpp
"C:\Program Files (x86)\Microsoft Visual Studio\18\BuildTools\VC\Tools\MSVC\14.50.35717\bin\HostX86\x64\cl.exe" /c /nologo /O2 /W3 /GL /DNDEBUG /MD -D_USE_MATH_DEFINES -Icpp_core/include -IC:\Users\elche\AppData\Local\Packages\PythonSoftwareFoundation.Python.3.13_qbz5n2kfra8p0\LocalCache\local-packages\Python313\site-packages\pybind11\include "-IC:\Program Files\WindowsApps\PythonSoftwareFoundation.Python.3.13_3.13.2544.0_x64__qbz5n2kfra8p0\include" "-IC:\Program Files\WindowsApps\PythonSoftwareFoundation.Python.3.13_3.13.2544.0_x64__qbz5n2kfra8p0\Include" "-IC:\Program Files (x86)\Microsoft Visual Studio\18\BuildTools\VC\Tools\MSVC\14.50.35717\include" "-IC:\Program Files (x86)\Microsoft Visual Studio\18\BuildTools\VC\Auxiliary\VS\include" "-IC:\Program Files (x86)\Windows Kits\10\include\10.0.26100.0\ucrt" "-IC:\Program Files (x86)\Windows Kits\10\\include\10.0.26100.0\\um" "-IC:\Program Files (x86)\Windows Kits\10\\include\10.0.26100.0\\shared" "-IC:\Program Files (x86)\Windows Kits\10\\include\10.0.26100.0\\winrt" "-IC:\Program Files (x86)\Windows Kits\10\\include\10.0.26100.0\\cppwinrt" "-IC:\Program Files (x86)\Windows Kits\NETFXSDK\4.8\include\um" /EHsc /Tpcpp_core/src/bindings.cpp /Fobuild\temp.win-amd64-cpython-313\Release\cpp_core\src\bindings.obj /std:c++latest /EHsc /bigobj /O2
bindings.cpp
cpp_core/include\ReplayBuffer.h(912): error C2672: 'std::max': no se encontró una función sobrecargada que coincida
C:\Program Files (x86)\Microsoft Visual Studio\18\BuildTools\VC\Tools\MSVC\14.50.35717\include\utility(85): note: puede ser '_Ty std::max(std::initializer_list<_Elem>)'
cpp_core/include\ReplayBuffer.h(912): note: "_Ty std::max(std::initializer_list<_Elem>)": espera 1 argumentos - 2 proporcionado
C:\Program Files (x86)\Microsoft Visual Studio\18\BuildTools\VC\Tools\MSVC\14.50.35717\include\utility(82): note: o       '_Ty std::max(std::initializer_list<_Elem>,_Pr)'
cpp_core/include\ReplayBuffer.h(912): note: "_Ty std::max(std::initializer_list<_Elem>,_Pr)": no se pudo deducir el argumento plantilla para "std::initializer_list<_Elem>" de "std::atomic<double>"
C:\Program Files (x86)\Microsoft Visual Studio\18\BuildTools\VC\Tools\MSVC\14.50.35717\include\utility(74): note: o       'const _Ty &std::max(const _Ty &,const _Ty &) noexcept(<expr>)'
cpp_core/include\ReplayBuffer.h(912): note: "const _Ty &std::max(const _Ty &,const _Ty &) noexcept(<expr>)": el parámetro de plantilla "_Ty" es ambiguo
cpp_core/include\ReplayBuffer.h(912): note: puede ser 'double'
cpp_core/include\ReplayBuffer.h(912): note: o       'std::atomic<double>'
cpp_core/include\ReplayBuffer.h(912): note: "const _Ty &std::max(const _Ty &,const _Ty &) noexcept(<expr>)": no se pudo deducir el argumento plantilla para "const _Ty &" de "double"
C:\Program Files (x86)\Microsoft Visual Studio\18\BuildTools\VC\Tools\MSVC\14.50.35717\include\utility(64): note: o       'const _Ty &std::max(const _Ty &,const _Ty &,_Pr) noexcept(<expr>)'
cpp_core/include\ReplayBuffer.h(912): note: "const _Ty &std::max(const _Ty &,const _Ty &,_Pr) noexcept(<expr>)": espera 3 argumentos - 2 proporcionado
python : error: command 'C:\\Program Files (x86)\\Microsoft Visual 
Studio\\18\\BuildTools\\VC\\Tools\\MSVC\\14.50.35717\\bin\\HostX86\\x64\\cl.exe' failed with exit code 2
En línea: 1 Carácter: 1
+ python setup.py build_ext --inplace 2>&1 > build_output.txt
+ ~~~~~~~~~~~~~~~~~~~~~~~~~~~~~~~~~~~~~~~~~~~~~~~~~~~~~~~~~~~
    + CategoryInfo          : NotSpecified: (error: command ...ith exit code 2:String) [], RemoteException
    + FullyQualifiedErrorId : NativeCommandError
 
