============================================================
VERIFICATION: pitch_angle = 0.18
============================================================

>>> TEST 1: Hover at 2750.0 RPM
   Hover test: Z=2.4635, Vz=+0.9656
   >>> HOVERING OK!

>>> TEST 2: 2000 RPM (should fall)
   2000 RPM test: Z=0.0236, Vz=-3.9635
   >>> FALLING (CORRECT!)

>>> TEST 3: 3500 RPM (should rise)
   3500 RPM test: Z=5.6152, Vz=+7.2995
   >>> RISING (CORRECT!)

============================================================
